// Jest Snapshot v1, https://goo.gl/fbAQLP

exports[`IplSidebar matches snapshot when hidden 1`] = `
"<transition-stub name="sidebar-transition" duration="250" appear="false" persisted="false" css="true">
  <!--v-if-->
</transition-stub>"
`;

exports[`IplSidebar matches snapshot when visible 1`] = `
"<transition-stub name="sidebar-transition" duration="250" appear="false" persisted="false" css="true">
  <div class="ipl-sidebar__wrapper">
    <div class="background"></div>
    <div class="content"></div>
  </div>
</transition-stub>"
`;
